// Jest Snapshot v1, https://goo.gl/fbAQLP

exports[`<EthButton /> rendering should matche snapshot 1`] = `
<DocumentFragment>
  .c0 {
  background: linear-gradient(to right,#88aaf1,#efccc1,#b8faf6,#c8b2f4);
  border-radius: 1.5em;
  display: -webkit-inline-box;
  display: -webkit-inline-flex;
  display: -ms-inline-flexbox;
  display: inline-flex;
  padding: 2px;
}

.c1 {
  -webkit-align-items: center;
  -webkit-box-align: center;
  -ms-flex-align: center;
  align-items: center;
  cursor: pointer;
  display: -webkit-inline-box;
  display: -webkit-inline-flex;
  display: -ms-inline-flexbox;
  display: inline-flex;
  font-weight: 700;
  gap: 5px;
  background: #FFFFFF;
  border: 0;
  border-radius: 1.5em;
  padding: 5px 10px 5px 10px;
}

.c2 {
  overflow: hidden;
  text-overflow: ellipsis;
  white-space: nowrap;
  width: 80px;
}

<span
    class="c0"
  >
    <button
      aria-label="Label goes here"
      class="c1"
    >
      <img
        alt="Ethereum logo"
        src="[object Object]"
      />
      <span
        class="c2"
      >
        42 ETH
      </span>
      <img
        alt="Down arrow"
        src="[object Object]"
        style="height: 20px;"
      />
    </button>
  </span>
</DocumentFragment>
`;
